[    0.000000] Initializing cgroup subsys cpuset
[    0.000000] Initializing cgroup subsys cpu
[    0.000000] Initializing cgroup subsys cpuacct
[    0.000000] Linux version 4.4.0-184-generic (buildd@lgw01-amd64-060) (gcc version 5.4.0 20160609 (Ubuntu 5.4.0-6ubuntu1~16.04.12) ) #214-Ubuntu SMP Thu Jun 4 10:14:11 UTC 2020 (Ubuntu 4.4.0-184.214-generic 4.4.223)
[    0.000000] Command line: BOOT_IMAGE=/boot/vmlinuz-4.4.0-184-generic root=LABEL=cloudimg-rootfs ro console=tty1 console=ttyS0
[    0.000000] KERNEL supported cpus:
[    0.000000]   Intel GenuineIntel
[    0.000000]   AMD AuthenticAMD
[    0.000000]   Centaur CentaurHauls
[    0.000000] x86/fpu: xstate_offset[2]:  576, xstate_sizes[2]:  256
[    0.000000] x86/fpu: Supporting XSAVE feature 0x01: 'x87 floating point registers'
[    0.000000] x86/fpu: Supporting XSAVE feature 0x02: 'SSE registers'
[    0.000000] x86/fpu: Supporting XSAVE feature 0x04: 'AVX registers'
[    0.000000] x86/fpu: Enabled xstate features 0x7, context size is 832 bytes, using 'standard' format.
[    0.000000] e820: BIOS-provided physical RAM map:
[    0.000000] BIOS-e820: [mem 0x0000000000000000-0x000000000009fbff] usable
[    0.000000] BIOS-e820: [mem 0x000000000009fc00-0x000000000009ffff] reserved
[    0.000000] BIOS-e820: [mem 0x00000000000f0000-0x00000000000fffff] reserved
[    0.000000] BIOS-e820: [mem 0x0000000000100000-0x000000003ffeffff] usable
[    0.000000] BIOS-e820: [mem 0x000000003fff0000-0x000000003fffffff] ACPI data
[    0.000000] BIOS-e820: [mem 0x00000000fec00000-0x00000000fec00fff] reserved
[    0.000000] BIOS-e820: [mem 0x00000000fee00000-0x00000000fee00fff] reserved
[    0.000000] BIOS-e820: [mem 0x00000000fffc0000-0x00000000ffffffff] reserved
[    0.000000] NX (Execute Disable) protection: active
[    0.000000] SMBIOS 2.5 present.
[    0.000000] Hypervisor detected: KVM
[    0.000000] e820: last_pfn = 0x3fff0 max_arch_pfn = 0x400000000
[    0.000000] MTRR: Disabled
[    0.000000] x86/PAT: MTRRs disabled, skipping PAT initialization too.
[    0.000000] CPU MTRRs all blank - virtualized system.
[    0.000000] x86/PAT: Configuration [0-7]: WB  WT  UC- UC  WB  WT  UC- UC  
[    0.000000] found SMP MP-table at [mem 0x0009fff0-0x0009ffff] mapped at [ffff88000009fff0]
[    0.000000] Scanning 1 areas for low memory corruption
[    0.000000] RAMDISK: [mem 0x362de000-0x37166fff]
[    0.000000] ACPI: Early table checksum verification disabled
[    0.000000] ACPI: RSDP 0x00000000000E0000 000024 (v02 VBOX  )
[    0.000000] ACPI: XSDT 0x000000003FFF0030 00003C (v01 VBOX   VBOXXSDT 00000001 ASL  00000061)
[    0.000000] ACPI: FACP 0x000000003FFF00F0 0000F4 (v04 VBOX   VBOXFACP 00000001 ASL  00000061)
[    0.000000] ACPI: DSDT 0x000000003FFF0470 002325 (v02 VBOX   VBOXBIOS 00000002 INTL 20100528)
[    0.000000] ACPI: FACS 0x000000003FFF0200 000040
[    0.000000] ACPI: FACS 0x000000003FFF0200 000040
[    0.000000] ACPI: APIC 0x000000003FFF0240 00005C (v02 VBOX   VBOXAPIC 00000001 ASL  00000061)
[    0.000000] ACPI: SSDT 0x000000003FFF02A0 0001CC (v01 VBOX   VBOXCPUT 00000002 INTL 20100528)
[    0.000000] No NUMA configuration found
[    0.000000] Faking a node at [mem 0x0000000000000000-0x000000003ffeffff]
[    0.000000] NODE_DATA(0) allocated [mem 0x3ffeb000-0x3ffeffff]
[    0.000000] kvm-clock: Using msrs 4b564d01 and 4b564d00
[    0.000000] kvm-clock: cpu 0, msr 0:3ffe3001, primary cpu clock
[    0.000000] kvm-clock: using sched offset of 4502514340 cycles
[    0.000000] clocksource: kvm-clock: mask: 0xffffffffffffffff max_cycles: 0x1cd42e4dffb, max_idle_ns: 881590591483 ns
[    0.000000] Zone ranges:
[    0.000000]   DMA      [mem 0x0000000000001000-0x0000000000ffffff]
[    0.000000]   DMA32    [mem 0x0000000001000000-0x000000003ffeffff]
[    0.000000]   Normal   empty
[    0.000000]   Device   empty
[    0.000000] Movable zone start for each node
[    0.000000] Early memory node ranges
[    0.000000]   node   0: [mem 0x0000000000001000-0x000000000009efff]
[    0.000000]   node   0: [mem 0x0000000000100000-0x000000003ffeffff]
[    0.000000] Initmem setup node 0 [mem 0x0000000000001000-0x000000003ffeffff]
[    0.000000] ACPI: PM-Timer IO Port: 0x4008
[    0.000000] IOAPIC[0]: apic_id 2, version 32, address 0xfec00000, GSI 0-23
[    0.000000] ACPI: INT_SRC_OVR (bus 0 bus_irq 0 global_irq 2 dfl dfl)
[    0.000000] ACPI: INT_SRC_OVR (bus 0 bus_irq 9 global_irq 9 low level)
[    0.000000] Using ACPI (MADT) for SMP configuration information
[    0.000000] smpboot: Allowing 2 CPUs, 0 hotplug CPUs
[    0.000000] PM: Registered nosave memory: [mem 0x00000000-0x00000fff]
[    0.000000] PM: Registered nosave memory: [mem 0x0009f000-0x0009ffff]
[    0.000000] PM: Registered nosave memory: [mem 0x000a0000-0x000effff]
[    0.000000] PM: Registered nosave memory: [mem 0x000f0000-0x000fffff]
[    0.000000] e820: [mem 0x40000000-0xfebfffff] available for PCI devices
[    0.000000] Booting paravirtualized kernel on KVM
[    0.000000] clocksource: refined-jiffies: mask: 0xffffffff max_cycles: 0xffffffff, max_idle_ns: 7645519600211568 ns
[    0.000000] setup_percpu: NR_CPUS:512 nr_cpumask_bits:512 nr_cpu_ids:2 nr_node_ids:1
[    0.000000] PERCPU: Embedded 33 pages/cpu @ffff88003fc00000 s95448 r8192 d31528 u1048576
[    0.000000] Built 1 zonelists in Node order, mobility grouping on.  Total pages: 257912
[    0.000000] Policy zone: DMA32
[    0.000000] Kernel command line: BOOT_IMAGE=/boot/vmlinuz-4.4.0-184-generic root=LABEL=cloudimg-rootfs ro console=tty1 console=ttyS0
[    0.000000] PID hash table entries: 4096 (order: 3, 32768 bytes)
[    0.000000] Memory: 997664K/1048120K available (8632K kernel code, 1336K rwdata, 4036K rodata, 1492K init, 1292K bss, 50456K reserved, 0K cma-reserved)
[    0.000000] SLUB: HWalign=64, Order=0-3, MinObjects=0, CPUs=2, Nodes=1
[    0.000000] Kernel/User page tables isolation: enabled
[    0.000000] Hierarchical RCU implementation.
[    0.000000] 	Build-time adjustment of leaf fanout to 64.
[    0.000000] 	RCU restricting CPUs from NR_CPUS=512 to nr_cpu_ids=2.
[    0.000000] RCU: Adjusting geometry for rcu_fanout_leaf=64, nr_cpu_ids=2
[    0.000000] NR_IRQS:33024 nr_irqs:440 16
[    0.000000] Console: colour VGA+ 80x25
[    0.000000] console [tty1] enabled
[    0.000000] console [ttyS0] enabled
[    0.000000] tsc: Detected 2394.460 MHz processor
[    0.434809] Calibrating delay loop (skipped) preset value.. 4788.92 BogoMIPS (lpj=9577840)
[    0.440144] pid_max: default: 32768 minimum: 301
[    0.442850] ACPI: Core revision 20150930
[    0.450145] ACPI: 2 ACPI AML tables successfully acquired and loaded
[    0.453296] Security Framework initialized
[    0.455441] Yama: becoming mindful.
[    0.457564] AppArmor: AppArmor initialized
[    0.459845] Dentry cache hash table entries: 131072 (order: 8, 1048576 bytes)
[    0.471015] Inode-cache hash table entries: 65536 (order: 7, 524288 bytes)
[    0.475035] Mount-cache hash table entries: 2048 (order: 2, 16384 bytes)
[    0.477899] Mountpoint-cache hash table entries: 2048 (order: 2, 16384 bytes)
[    0.481236] Initializing cgroup subsys io
[    0.483235] Initializing cgroup subsys memory
[    0.485370] Initializing cgroup subsys devices
[    0.487506] Initializing cgroup subsys freezer
[    0.490326] Initializing cgroup subsys net_cls
[    0.492586] Initializing cgroup subsys perf_event
[    0.494883] Initializing cgroup subsys net_prio
[    0.497115] Initializing cgroup subsys hugetlb
[    0.499256] Initializing cgroup subsys pids
[    0.502393] mce: CPU supports 0 MCE banks
[    0.504567] Last level iTLB entries: 4KB 1024, 2MB 1024, 4MB 1024
[    0.507754] Last level dTLB entries: 4KB 1024, 2MB 1024, 4MB 1024, 1GB 4
[    0.510627] Spectre V1 : Mitigation: usercopy/swapgs barriers and __user pointer sanitization
[    0.514733] Spectre V2 : Mitigation: Full generic retpoline
[    0.517257] Spectre V2 : Spectre v2 / SpectreRSB mitigation: Filling RSB on context switch
[    0.521120] Speculative Store Bypass: Vulnerable
[    0.523918] SRBDS: Unknown: Dependent on hypervisor status
[    0.526585] MDS: Vulnerable: Clear CPU buffers attempted, no microcode
[    0.535954] Freeing SMP alternatives memory: 36K
[    0.551111] ftrace: allocating 32319 entries in 127 pages
[    0.685325] smpboot: APIC(0) Converting physical 0 to logical package 0
[    0.688283] smpboot: Max logical packages: 1
[    0.691238] x2apic enabled
[    0.693632] Switched APIC routing to physical x2apic.
[    0.699178] ..TIMER: vector=0x30 apic1=0 pin1=2 apic2=-1 pin2=-1
[    0.810039] smpboot: CPU0: Intel(R) Core(TM) i7-4500U CPU @ 1.80GHz (family: 0x6, model: 0x45, stepping: 0x1)
[    0.814943] Performance Events: unsupported p6 CPU model 69 no PMU driver, software events only.
[    0.836520] KVM setup paravirtual spinlock
[    0.839586] x86: Booting SMP configuration:
[    0.841658] .... node  #0, CPUs:      #1
[    0.843588] kvm-clock: cpu 1, msr 0:3ffe3041, secondary cpu clock
[    0.846541] mce: CPU supports 0 MCE banks
[    0.849788] x86: Booted up 1 node, 2 CPUs
[    0.852582] smpboot: Total of 2 processors activated (9577.84 BogoMIPS)
[    0.856238] devtmpfs: initialized
[    0.871373] evm: security.selinux
[    0.873141] evm: security.SMACK64
[    0.874922] evm: security.SMACK64EXEC
[    0.876789] evm: security.SMACK64TRANSMUTE
[    0.878795] evm: security.SMACK64MMAP
[    0.880681] evm: security.ima
[    0.882311] evm: security.capability
[    0.884746] clocksource: jiffies: mask: 0xffffffff max_cycles: 0xffffffff, max_idle_ns: 7645041785100000 ns
[    0.889316] futex hash table entries: 512 (order: 3, 32768 bytes)
[    0.892229] pinctrl core: initialized pinctrl subsystem
[    0.894879] RTC time: 14:50:06, date: 06/23/20
[    0.897367] NET: Registered protocol family 16
[    0.911176] cpuidle: using governor ladder
[    0.923900] cpuidle: using governor menu
[    0.925896] PCCT header not found.
[    0.928004] ACPI: bus type PCI registered
[    0.930022] acpiphp: ACPI Hot Plug PCI Controller Driver version: 0.5
[    0.933068] PCI: Using configuration type 1 for base access
[    0.949141] ACPI: Added _OSI(Module Device)
[    0.951311] ACPI: Added _OSI(Processor Device)
[    0.953392] ACPI: Added _OSI(3.0 _SCP Extensions)
[    0.955743] ACPI: Added _OSI(Processor Aggregator Device)
[    0.959894] ACPI: Executed 1 blocks of module-level executable AML code
[    0.969385] ACPI: Interpreter enabled
[    0.971438] ACPI: (supports S0 S5)
[    0.973225] ACPI: Using IOAPIC for interrupt routing
[    0.976023] PCI: Using host bridge windows from ACPI; if necessary, use "pci=nocrs" and report a bug
[    0.990397] ACPI: PCI Root Bridge [PCI0] (domain 0000 [bus 00-ff])
[    0.993181] acpi PNP0A03:00: _OSC: OS supports [ASPM ClockPM Segments MSI]
[    0.997077] acpi PNP0A03:00: _OSC: not requesting OS control; OS requires [ExtendedConfig ASPM ClockPM MSI]
[    1.001563] acpi PNP0A03:00: fail to add MMCONFIG information, can't access extended PCI configuration space under this bridge.
[    1.007371] PCI host bridge to bus 0000:00
[    1.009453] pci_bus 0000:00: root bus resource [io  0x0000-0x0cf7 window]
[    1.012333] pci_bus 0000:00: root bus resource [io  0x0d00-0xffff window]
[    1.015242] pci_bus 0000:00: root bus resource [mem 0x000a0000-0x000bffff window]
[    1.018896] pci_bus 0000:00: root bus resource [mem 0x40000000-0xfdffffff window]
[    1.022768] pci_bus 0000:00: root bus resource [bus 00-ff]
[    1.028610] pci 0000:00:01.1: legacy IDE quirk: reg 0x10: [io  0x01f0-0x01f7]
[    1.031769] pci 0000:00:01.1: legacy IDE quirk: reg 0x14: [io  0x03f6]
[    1.034652] pci 0000:00:01.1: legacy IDE quirk: reg 0x18: [io  0x0170-0x0177]
[    1.067287] pci 0000:00:01.1: legacy IDE quirk: reg 0x1c: [io  0x0376]
[    1.088663] pci 0000:00:07.0: quirk: [io  0x4000-0x403f] claimed by PIIX4 ACPI
[    1.092257] pci 0000:00:07.0: quirk: [io  0x4100-0x410f] claimed by PIIX4 SMB
[    1.108713] ACPI: PCI Interrupt Link [LNKA] (IRQs 5 9 10 *11)
[    1.112947] ACPI: PCI Interrupt Link [LNKB] (IRQs 5 9 *10 11)
[    1.116534] ACPI: PCI Interrupt Link [LNKC] (IRQs 5 *9 10 11)
[    1.120267] ACPI: PCI Interrupt Link [LNKD] (IRQs 5 9 10 *11)
[    1.123994] ACPI: Enabled 2 GPEs in block 00 to 07
[    1.126960] vgaarb: setting as boot device: PCI:0000:00:02.0
[    1.129402] vgaarb: device added: PCI:0000:00:02.0,decodes=io+mem,owns=io+mem,locks=none
[    1.133303] vgaarb: loaded
[    1.134837] vgaarb: bridge control possible 0000:00:02.0
[    1.137953] SCSI subsystem initialized
[    1.140279] ACPI: bus type USB registered
[    1.142337] usbcore: registered new interface driver usbfs
[    1.144908] usbcore: registered new interface driver hub
[    1.147360] usbcore: registered new device driver usb
[    1.150455] PCI: Using ACPI for IRQ routing
[    1.161445] NetLabel: Initializing
[    1.163571] NetLabel:  domain hash size = 128
[    1.165680] NetLabel:  protocols = UNLABELED CIPSOv4
[    1.168432] NetLabel:  unlabeled traffic allowed by default
[    1.171939] amd_nb: Cannot enumerate AMD northbridges
[    1.174609] clocksource: Switched to clocksource kvm-clock
[    1.215043] AppArmor: AppArmor Filesystem Enabled
[    1.219964] pnp: PnP ACPI init
[    1.224469] pnp: PnP ACPI: found 3 devices
[    1.240683] clocksource: acpi_pm: mask: 0xffffff max_cycles: 0xffffff, max_idle_ns: 2085701024 ns
[    1.246259] NET: Registered protocol family 2
[    1.249517] TCP established hash table entries: 8192 (order: 4, 65536 bytes)
[    1.253026] TCP bind hash table entries: 8192 (order: 5, 131072 bytes)
[    1.256646] TCP: Hash tables configured (established 8192 bind 8192)
[    1.260206] UDP hash table entries: 512 (order: 2, 16384 bytes)
[    1.263435] UDP-Lite hash table entries: 512 (order: 2, 16384 bytes)
[    1.267198] NET: Registered protocol family 1
[    1.270497] pci 0000:00:00.0: Limiting direct PCI/PCI transfers
[    1.273786] pci 0000:00:01.0: Activating ISA DMA hang workarounds
[    1.277406] Unpacking initramfs...
[    2.142907] Freeing initrd memory: 14884K
[    2.145868] RAPL PMU detected, API unit is 2^-32 Joules, 4 fixed counters 10737418240 ms ovfl timer
[    2.151946] hw unit of domain pp0-core 2^-0 Joules
[    2.155230] hw unit of domain package 2^-0 Joules
[    2.158667] hw unit of domain dram 2^-0 Joules
[    2.161070] hw unit of domain pp1-gpu 2^-0 Joules
[    2.163594] clocksource: tsc: mask: 0xffffffffffffffff max_cycles: 0x2283c649547, max_idle_ns: 440795304016 ns
[    2.169671] platform rtc_cmos: registered platform RTC device (no PNP device found)
[    2.174591] Scanning for low memory corruption every 60 seconds
[    2.178691] audit: initializing netlink subsys (disabled)
[    2.181911] audit: type=2000 audit(1592923813.378:1): initialized
[    2.186201] Initialise system trusted keyring
[    2.189111] HugeTLB registered 2 MB page size, pre-allocated 0 pages
[    2.196899] zbud: loaded
[    2.199916] VFS: Disk quotas dquot_6.6.0
[    2.202265] VFS: Dquot-cache hash table entries: 512 (order 0, 4096 bytes)
[    2.206546] squashfs: version 4.0 (2009/01/31) Phillip Lougher
[    2.210376] fuse init (API version 7.23)
[    2.213175] Key type big_key registered
[    2.215815] Allocating IMA MOK and blacklist keyrings.
[    2.220317] Key type asymmetric registered
[    2.222834] Asymmetric key parser 'x509' registered
[    2.225857] Block layer SCSI generic (bsg) driver version 0.4 loaded (major 249)
[    2.230966] io scheduler noop registered
[    2.233376] io scheduler deadline registered (default)
[    2.236168] io scheduler cfq registered
[    2.239010] pci_hotplug: PCI Hot Plug PCI Core version: 0.5
[    2.241877] pciehp: PCI Express Hot Plug Controller Driver version: 0.4
[    2.246440] ACPI: AC Adapter [AC] (on-line)
[    2.249521] input: Power Button as /devices/LNXSYSTM:00/LNXPWRBN:00/input/input0
[    2.254409] ACPI: Power Button [PWRF]
[    2.256905] input: Sleep Button as /devices/LNXSYSTM:00/LNXSLPBN:00/input/input1
[    2.261203] ACPI: Sleep Button [SLPF]
[    2.263996] GHES: HEST is not enabled!
[    2.266016] ACPI: Battery Slot [BAT0] (battery present)
[    2.269665] Serial: 8250/16550 driver, 32 ports, IRQ sharing enabled
[    2.294817] 00:02: ttyS0 at I/O 0x3f8 (irq = 4, base_baud = 115200) is a 16550A
[    2.305103] Linux agpgart interface v0.103
[    2.312331] loop: module loaded
[    2.316158] scsi host0: ata_piix
[    2.318972] scsi host1: ata_piix
[    2.321501] ata1: PATA max UDMA/33 cmd 0x1f0 ctl 0x3f6 bmdma 0xd000 irq 14
[    2.325555] ata2: PATA max UDMA/33 cmd 0x170 ctl 0x376 bmdma 0xd008 irq 15
[    2.329783] libphy: Fixed MDIO Bus: probed
[    2.332562] tun: Universal TUN/TAP device driver, 1.6
[    2.335569] tun: (C) 1999-2004 Max Krasnyansky <maxk@qualcomm.com>
[    2.339154] PPP generic driver version 2.4.2
[    2.342109] ehci_hcd: USB 2.0 'Enhanced' Host Controller (EHCI) Driver
[    2.345732] ehci-pci: EHCI PCI platform driver
[    2.348566] ehci-platform: EHCI generic platform driver
[    2.351633] ohci_hcd: USB 1.1 'Open' Host Controller (OHCI) Driver
[    2.355224] ohci-pci: OHCI PCI platform driver
[    2.357954] ohci-platform: OHCI generic platform driver
[    2.361032] uhci_hcd: USB Universal Host Controller Interface driver
[    2.364696] i8042: PNP: PS/2 Controller [PNP0303:PS2K,PNP0f03:PS2M] at 0x60,0x64 irq 1,12
[    2.371291] serio: i8042 KBD port at 0x60,0x64 irq 1
[    2.374354] serio: i8042 AUX port at 0x60,0x64 irq 12
[    2.378034] mousedev: PS/2 mouse device common for all mice
[    2.382804] input: AT Translated Set 2 keyboard as /devices/platform/i8042/serio0/input/input2
[    2.387984] rtc_cmos rtc_cmos: rtc core: registered rtc_cmos as rtc0
[    2.388173] rtc_cmos rtc_cmos: alarms up to one day, 114 bytes nvram
[    2.388192] i2c /dev entries driver
[    2.388329] device-mapper: uevent: version 1.0.3
[    2.388481] device-mapper: ioctl: 4.34.0-ioctl (2015-10-28) initialised: dm-devel@redhat.com
[    2.388531] ledtrig-cpu: registered to indicate activity on CPUs
[    2.389418] NET: Registered protocol family 10
[    2.389857] NET: Registered protocol family 17
[    2.389875] Key type dns_resolver registered
[    2.390550] registered taskstats version 1
[    2.390590] Loading compiled-in X.509 certificates
[    2.392226] Loaded X.509 cert 'Build time autogenerated kernel key: b6ae09eed57f82583ccd3c65c463e852cdd7a0b5'
[    2.392269] zswap: loaded using pool lzo/zbud
[    2.395965] Key type trusted registered
[    2.403014] Key type encrypted registered
[    2.403026] AppArmor: AppArmor sha1 policy hashing enabled
[    2.403032] ima: No TPM chip found, activating TPM-bypass!
[    2.403040] ima: Allocated hash algorithm: sha1
[    2.403071] evm: HMAC attrs: 0x1
[    2.403739]   Magic number: 8:2:840
[    2.409275] rtc_cmos rtc_cmos: setting system clock to 2020-06-23 14:50:07 UTC (1592923807)
[    2.409496] BIOS EDD facility v0.16 2004-Jun-25, 0 devices found
[    2.409497] EDD information not available.
[    2.517512] Freeing unused kernel memory: 1492K
[    2.531321] Write protecting the kernel read-only data: 14336k
[    2.535805] Freeing unused kernel memory: 1596K
[    2.539342] Freeing unused kernel memory: 60K
Loading, please wait...
starting version 229
[    2.569071] random: systemd-udevd: uninitialized urandom read (16 bytes read, 3 bits of entropy available)
[    2.570571] random: udevadm: uninitialized urandom read (16 bytes read, 3 bits of entropy available)
[    2.570600] random: udevadm: uninitialized urandom read (16 bytes read, 3 bits of entropy available)
[    2.589070] random: systemd-udevd: uninitialized urandom read (16 bytes read, 3 bits of entropy available)
[    2.594847] random: systemd-udevd: uninitialized urandom read (16 bytes read, 3 bits of entropy available)
[    2.595768] random: udevadm: uninitialized urandom read (16 bytes read, 3 bits of entropy available)
[    2.595878] random: udevadm: uninitialized urandom read (16 bytes read, 3 bits of entropy available)
[    2.596276] random: udevadm: uninitialized urandom read (16 bytes read, 3 bits of entropy available)
[    2.596419] random: udevadm: uninitialized urandom read (16 bytes read, 3 bits of entropy available)
[    2.596561] random: udevadm: uninitialized urandom read (16 bytes read, 3 bits of entropy available)
[    2.728103] Fusion MPT base driver 3.04.20
[    2.730719] Copyright (c) 1999-2008 LSI Corporation
[    2.740419] e1000: Intel(R) PRO/1000 Network Driver - version 7.3.21-k8-NAPI
[    2.745500] e1000: Copyright (c) 1999-2006 Intel Corporation.
[    2.811238] AVX2 version of gcm_enc/dec engaged.
[    2.814639] AES CTR mode by8 optimization enabled
[    2.818047] Fusion MPT SPI Host driver 3.04.20
[    2.941871] input: ImExPS/2 Generic Explorer Mouse as /devices/platform/i8042/serio1/input/input4
[    3.270089] e1000 0000:00:03.0 eth0: (PCI:33MHz:32-bit) 02:89:fa:04:16:8f
[    3.273145] e1000 0000:00:03.0 eth0: Intel(R) PRO/1000 Network Connection
[    3.277786] mptbase: ioc0: Initiating bringup
[    3.343558] ioc0: LSI53C1030 A0: Capabilities={Initiator}
[    3.509650] scsi host2: ioc0: LSI53C1030 A0, FwRev=00000000h, Ports=1, MaxQ=256, IRQ=20
[    3.631376] scsi 2:0:0:0: Direct-Access     VBOX     HARDDISK         1.0  PQ: 0 ANSI: 5
[    3.636167] scsi target2:0:0: Beginning Domain Validation
[    3.640843] scsi target2:0:0: Domain Validation skipping write tests
[    3.643546] scsi target2:0:0: Ending Domain Validation
[    3.646037] scsi target2:0:0: asynchronous
[    3.686913] scsi 2:0:1:0: Direct-Access     VBOX     HARDDISK         1.0  PQ: 0 ANSI: 5
[    3.691344] scsi target2:0:1: Beginning Domain Validation
[    3.696658] scsi target2:0:1: Domain Validation skipping write tests
[    3.699938] scsi target2:0:1: Ending Domain Validation
[    3.703301] scsi target2:0:1: asynchronous
[    3.720324] sd 2:0:0:0: Attached scsi generic sg0 type 0
[    3.724480] sd 2:0:1:0: Attached scsi generic sg1 type 0
[    3.728258] sd 2:0:1:0: [sdb] 20480 512-byte logical blocks: (10.5 MB/10.0 MiB)
[    3.733509] sd 2:0:0:0: [sda] 20971520 512-byte logical blocks: (10.7 GB/10.0 GiB)
[    3.738315] sd 2:0:1:0: [sdb] Write Protect is off
[    3.741408] sd 2:0:0:0: [sda] Write Protect is off
[    3.744642] sd 2:0:0:0: [sda] Incomplete mode parameter data
[    3.748024] sd 2:0:0:0: [sda] Assuming drive cache: write through
[    3.751424] sd 2:0:1:0: [sdb] Incomplete mode parameter data
[    3.754405] sd 2:0:1:0: [sdb] Assuming drive cache: write through
[    3.765666]  sda: sda1
[    3.769248] sd 2:0:1:0: [sdb] Attached SCSI disk
[    3.772907] sd 2:0:0:0: [sda] Attached SCSI disk
[    4.093193] e1000 0000:00:08.0 eth1: (PCI:33MHz:32-bit) 08:00:27:33:a2:52
[    4.096153] e1000 0000:00:08.0 eth1: Intel(R) PRO/1000 Network Connection
[    4.100365] e1000 0000:00:03.0 enp0s3: renamed from eth0
[    4.119240] e1000 0000:00:08.0 enp0s8: renamed from eth1
Begin: Loading essential drivers ... [    6.129018] md: linear personality registered for level -1
[    6.135287] md: multipath personality registered for level -4
[    6.142110] md: raid0 personality registered for level 0
[    6.151748] md: raid1 personality registered for level 1
[    6.234799] raid6: sse2x1   gen()  2063 MB/s
[    6.303152] raid6: sse2x1   xor()  1455 MB/s
[    6.370686] raid6: sse2x2   gen()  4224 MB/s
[    6.438836] raid6: sse2x2   xor()  2863 MB/s
[    6.506670] raid6: sse2x4   gen()  6320 MB/s
[    6.574710] raid6: sse2x4   xor()  3732 MB/s
[    6.642901] raid6: avx2x1   gen()  5048 MB/s
[    6.710682] raid6: avx2x2   gen()  9574 MB/s
[    6.778726] raid6: avx2x4   gen() 10966 MB/s
[    6.781399] raid6: using algorithm avx2x4 gen() 10966 MB/s
[    6.785494] raid6: using avx2x2 recovery algorithm
[    6.790702] xor: automatically using best checksumming function:
[    6.830814]    avx       : 12249.000 MB/sec
[    6.835472] async_tx: api initialized (async)
[    6.857334] md: raid6 personality registered for level 6
[    6.862048] md: raid5 personality registered for level 5
[    6.865700] md: raid4 personality registered for level 4
[    6.881226] md: raid10 personality registered for level 10
done.
Begin: Running /scripts/init-premount ... done.
Begin: Mounting root file system ... Begin: Running /scripts/local-top ... done.
Begin: Running /scripts/local-premount ... [    6.951638] Btrfs loaded
Scanning for Btrfs filesystems
done.
Warning: fsck not present, so skipping root file system
[    7.008337] EXT4-fs (sda1): INFO: recovery required on readonly filesystem
[    7.011271] EXT4-fs (sda1): write access will be enabled during recovery
[    7.093260] EXT4-fs (sda1): recovery complete
[    7.095584] EXT4-fs (sda1): mounted filesystem with ordered data mode. Opts: (null)
done.
Begin: Running /scripts/local-bottom ... done.
Begin: Running /scripts/init-bottom ... done.
[    7.241027] systemd[1]: systemd 229 running in system mode. (+PAM +AUDIT +SELINUX +IMA +APPARMOR +SMACK +SYSVINIT +UTMP +LIBCRYPTSETUP +GCRYPT +GNUTLS +ACL +XZ -LZ4 +SECCOMP +BLKID +ELFUTILS +KMOD -IDN)
[    7.248876] systemd[1]: Detected virtualization oracle.
[    7.251438] systemd[1]: Detected architecture x86-64.

Welcome to [1mUbuntu 16.04.6 LTS[0m!

[    7.256214] systemd[1]: Set hostname to <ubuntu-xenial>.
[    7.458254] systemd[1]: Listening on LVM2 poll daemon socket.
[[0;32m  OK  [0m] Listening on LVM2 poll daemon socket.
[    7.462861] systemd[1]: Reached target Encrypted Volumes.
[[0;32m  OK  [0m] Reached target Encrypted Volumes.
[    7.467255] systemd[1]: Listening on udev Kernel Socket.
[[0;32m  OK  [0m] Listening on udev Kernel Socket.
[    7.472233] systemd[1]: Listening on Journal Audit Socket.
[[0;32m  OK  [0m] Listening on Journal Audit Socket.
[    7.476571] systemd[1]: Listening on Journal Socket.
[[0;32m  OK  [0m] Listening on Journal Socket.
[    7.480632] systemd[1]: Listening on Journal Socket (/dev/log).
[[0;32m  OK  [0m] Listening on Journal Socket (/dev/log).
[    7.485254] systemd[1]: Reached target User and Group Name Lookups.
[[0;32m  OK  [0m] Reached target User and Group Name Lookups.
[    7.490155] systemd[1]: Set up automount Arbitrary Executable File Formats File System Automount Point.
[[0;32m  OK  [0m] Set up automount Arbitrary Executab...ats File System Automount Point.
[    7.496501] systemd[1]: Listening on /dev/initctl Compatibility Named Pipe.
[[0;32m  OK  [0m] Listening on /dev/initctl Compatibility Named Pipe.
[    7.501353] systemd[1]: Reached target Swap.
[[0;32m  OK  [0m] Reached target Swap.
[    7.505422] systemd[1]: Created slice User and Session Slice.
[[0;32m  OK  [0m] Created slice User and Session Slice.
[    7.510038] systemd[1]: Listening on Syslog Socket.
[[0;32m  OK  [0m] Listening on Syslog Socket.
[    7.514144] systemd[1]: Started Forward Password Requests to Wall Directory Watch.
[[0;32m  OK  [0m] Started Forward Password Requests to Wall Directory Watch.
[    7.520439] systemd[1]: Started Trigger resolvconf update for networkd DNS.
[[0;32m  OK  [0m] Started Trigger resolvconf update for networkd DNS.
[    7.525440] systemd[1]: Reached target System Time Synchronized.
[[0;32m  OK  [0m] Reached target System Time Synchronized.
[    7.530064] systemd[1]: Listening on udev Control Socket.
[[0;32m  OK  [0m] Listening on udev Control Socket.
[    7.534357] systemd[1]: Listening on Device-mapper event daemon FIFOs.
[[0;32m  OK  [0m] Listening on Device-mapper event daemon FIFOs.
[    7.539762] systemd[1]: Created slice System Slice.
[[0;32m  OK  [0m] Created slice System Slice.
[    7.562829] systemd[1]: Starting Nameserver information manager...
         Starting Nameserver information manager...
[    7.579808] systemd[1]: Starting Uncomplicated firewall...
         Starting Uncomplicated firewall...
[    7.584915] systemd[1]: Reached target Slices.
[[0;32m  OK  [0m] Reached target Slices.
[    7.590673] systemd[1]: Mounting Huge Pages File System...
         Mounting Huge Pages File System...
[    7.596135] systemd[1]: Created slice system-serial\x2dgetty.slice.
[[0;32m  OK  [0m] Created slice system-serial\x2dgetty.slice.
[    7.602130] systemd[1]: Mounting POSIX Message Queue File System...
         Mounting POSIX Message Queue File System...
[    7.610103] systemd[1]: Starting Remount Root and Kernel File Systems...
         Starting Remount Root and Kernel File Systems...
[    7.616984] systemd[1]: Starting Journal Service...
         [    7.620447] EXT4-fs (sda1): re-mounted. Opts: (null)
Starting Journal Service...
[    7.624138] systemd[1]: Mounting Debug File System...
         Mounting Debug File System...
[    7.628736] systemd[1]: Listening on LVM2 metadata daemon socket.
[[0;32m  OK  [0m] Listening on LVM2 metadata daemon socket.
[    7.635537] systemd[1]: Starting Monitoring of LVM2 mirrors, snapshots etc. using dmeventd or progress polling...
         Starting Monitoring of LVM2 mirrors... dmeventd or progress polling...
[    7.645215] systemd[1]: Starting Create list of required static device nodes for the current kernel...
         Starting Create list of required st... nodes for the current kernel...
[    7.662858] systemd[1]: Starting Set console keymap...
         Starting Set console keymap...
[    7.686235] systemd[1]: Starting Load Kernel Modules...
         Starting Load Kernel Modules...
[    7.695994] systemd[1]: Mounted Huge Pages File System.
[[0;32m  OK  [0m] Mounted Huge Pages File System.
[    7.701150] systemd[1]: Mounted POSIX Message Queue File System.
[    7.706537] Loading iSCSI transport class v2.0-870.
[[0;32m  OK  [0m] Mounted POSIX Message Queue File System.
[    7.726224] systemd[1]: Mounted Debug File System.
[[0;32m  OK  [0m] Mounted Debug File System.
[    7.734261] systemd[1]: Started Uncomplicated firewall.
[[0;32m  OK  [0m] Started Uncomplicated firewall.
[    7.744983] systemd[1]: Started Remount Root and Kernel File Systems.
[[0;32m  OK  [0m] Started Remount Root and Kernel File Systems.
[    7.752660] systemd[1]: Started Create list of required static device nodes for the current kernel.
[    7.761187] iscsi: registered transport (tcp)
[[0;32m  OK  [0m] Started Create list of required sta...ce nodes for the current kernel.
[    7.782903] systemd[1]: Started Nameserver information manager.
[[0;32m  OK  [0m] Started Nameserver information manager.
[    7.791483] systemd[1]: Started Journal Service.
[[0;32m  OK  [0m] Started Journal Service.
[[0;32m  OK  [0m] Started LVM2 metadata daemon.
         Starting Create Static Device Nodes in /dev...
         Starting Flush Journal to Persistent Storage...
         Starting Load/Save Random Seed...
         Starting udev Coldplug all Devices...
[[0;32m  OK  [0m] Started Create Static Device Nodes in /dev.
         Starting udev Kernel Device Manager...
[[0;32m  OK  [0m] Started Load/Save Random Seed.
[    7.891232] systemd-journald[399]: Received request to flush runtime journal from PID 1
[    7.912122] iscsi: registered transport (iser)
[[0;32m  OK  [0m] Started Load Kernel Modules.
         Mounting FUSE Control File System...
         Starting Apply Kernel Variables...
[[0;32m  OK  [0m] Mounted FUSE Control File System.
[[0;32m  OK  [0m] Started Flush Journal to Persistent Storage.
[[0;32m  OK  [0m] Started Apply Kernel Variables.
[[0;32m  OK  [0m] Started udev Kernel Device Manager.
[[0;32m  OK  [0m] Started Set console keymap.
[[0;32m  OK  [0m] Started udev Coldplug all Devices.
[[0;32m  OK  [0m] Started Dispatch Password Requests to Console Directory Watch.
[[0;32m  OK  [0m] Started Monitoring of LVM2 mirrors,...ng dmeventd or progress polling.
[[0;32m  OK  [0m] Reached target Local File Systems (Pre).
[[0;32m  OK  [0m] Reached target Local File Systems.
         Starting Create Volatile Files and Directories...
         Starting LSB: AppArmor initialization...
         Starting Set console font and keymap...
         Starting Tell Plymouth To Write Out Runtime Data...
         Starting Initial cloud-init job (pre-networking)...
[[0;32m  OK  [0m] Started Tell Plymouth To Write Out Runtime Data.
[[0;32m  OK  [0m] Started Create Volatile Files and Directories.
         Starting Update UTMP about System Boot/Shutdown...
[[0;32m  OK  [0m] Started Update UTMP about System Boot/Shutdown.
[[0;32m  OK  [0m] Started LSB: AppArmor initialization.
[[0;32m  OK  [0m] Found device /dev/ttyS0.
[[0;32m  OK  [0m] Listening on Load/Save RF Kill Switch Status /dev/rfkill Watch.
[[0;32m  OK  [0m] Found device 82540EM Gigabit Ethern...r (PRO/1000 MT Desktop Adapter).
[   10.074262] cloud-init[508]: Cloud-init v. 19.4-33-gbb4131a2-0ubuntu1~16.04.1 running 'init-local' at Tue, 23 Jun 2020 14:50:15 +0000. Up 9.46 seconds.
[[0;32m  OK  [0m] Started Initial cloud-init job (pre-networking).
[[0;32m  OK  [0m] Found device 82540EM Gigabit Ethern...r (PRO/1000 MT Desktop Adapter).
[[0;32m  OK  [0m] Reached target Network (Pre).
[[0;32m  OK  [0m] Started ifup for enp0s8.
[[0;32m  OK  [0m] Started ifup for enp0s3.
         Starting Raise network interfaces...
[[0;32m  OK  [0m] Started Set console font and keymap.
[[0;32m  OK  [0m] Created slice system-getty.slice.
[[0;32m  OK  [0m] Started Raise network interfaces.
         Starting Initial cloud-init job (metadata service crawler)...
[[0;32m  OK  [0m] Reached target Network.
[   12.964593] cloud-init[1094]: Cloud-init v. 19.4-33-gbb4131a2-0ubuntu1~16.04.1 running 'init' at Tue, 23 Jun 2020 14:50:17 +0000. Up 12.29 seconds.
[   12.969819] cloud-init[1094]: ci-info: ++++++++++++++++++++++++++++++++++++++Net device info+++++++++++++++++++++++++++++++++++++++
[   12.980785] cloud-init[1094]: ci-info: +--------+------+-----------------------------+---------------+--------+-------------------+
[   12.987376] cloud-init[1094]: ci-info: | Device |  Up  |           Address           |      Mask     | Scope  |     Hw-Address    |
[   12.995488] cloud-init[1094]: ci-info: +--------+------+-----------------------------+---------------+--------+-------------------+
[   13.002970] cloud-init[1094]: ci-info: | enp0s3 | True |          10.0.2.15          | 255.255.255.0 | global | 02:89:fa:04:16:8f |
[   13.009097] cloud-init[1094]: ci-info: | enp0s3 | True |  fe80::89:faff:fe04:168f/64 |       .       |  link  | 02:89:fa:04:16:8f |
[   13.013761] cloud-init[1094]: ci-info: | enp0s8 | True |        192.168.10.100       | 255.255.255.0 | global | 08:00:27:33:a2:52 |
[   13.019439] cloud-init[1094]: ci-info: | enp0s8 | True | fe80::a00:27ff:fe33:a252/64 |       .       |  link  | 08:00:27:33:a2:52 |
[   13.024494] cloud-init[1094]: ci-info: |   lo   | True |          127.0.0.1          |   255.0.0.0   |  host  |         .         |
[   13.036914] cloud-init[1094]: ci-info: |   lo   | True |           ::1/128           |       .       |  host  |         .         |
[   13.049058] cloud-init[1094]: ci-info: +--------+------+-----------------------------+---------------+--------+-------------------+
[   13.054112] cloud-init[1094]: ci-info: ++++++++++++++++++++++++++++Route IPv4 info++++++++++++++++++++++++++++
[   13.060250] cloud-init[1094]: ci-info: +-------+--------------+----------+---------------+-----------+-------+
[   13.066736] cloud-init[1094]: ci-info: | Route | Destination  | Gateway  |    Genmask    | Interface | Flags |
[   13.074469] cloud-init[1094]: ci-info: +-------+--------------+----------+---------------+-----------+-------+
[[0;32m  OK  [0m] Started Initial cloud-init job (metadata service crawler).
[[   13.075257] cloud-init[1094]: ci-info: |   0   |   0.0.0.0    | 10.0.2.2 |    0.0.0.0    |   enp0s3  |   UG  |
[   13.080764] cloud-init[1094]: ci-info: |   1   |   10.0.2.0   | 0.0.0.0  | 255.255.255.0 |   enp0s3  |   U   |
[   13.082996] cloud-init[1094]: ci-info: |   2   | 192.168.10.0 | 0.0.0.0  | 255.255.255.0 |   enp0s8  |   U   |
[   13.083536] cloud-init[1094]: ci-info: +-------+--------------+----------+---------------+-----------+-------+
[   13.083656] cloud-init[1094]: ci-info: +++++++++++++++++++Route IPv6 info+++++++++++++++++++
[   13.084785] cloud-init[1094]: ci-info: +-------+-------------+---------+-----------+-------+
[   13.085911] cloud-init[1094]: ci-info: | Route | Destination | Gateway | Interface | Flags |
[   13.087112] cloud-init[1094]: ci-info: +-------+-------------+---------+-----------+-------+
[   13.089528] cloud-init[1094]: ci-info: |   0   |  fe80::/64  |    ::   |   enp0s8  |   U   |
[   13.091614] cloud-init[1094]: ci-info: |   1   |  fe80::/64  |    ::   |   enp0s3  |   U   |
[   13.093314] cloud-init[1094]: ci-info: |   6   |   ff00::/8  |    ::   |   enp0s8  |   U   |
[   13.094298] cloud-init[1094]: ci-info: |   7   |   ff00::/8  |    ::   |   enp0s3  |   U   |
[   13.095291] cloud-init[1094]: ci-info: +-------+-------------+---------+-----------+-------+
[0;32m  OK  [0m] Reached target Cloud-config availability.
[[0;32m  OK  [0m] Reached target System Initialization.
         Starting Socket activation for snappy daemon.
[[0;32m  OK  [0m] Started ACPI Events Check.
[[0;32m  OK  [0m] Reached target Paths.
[[0;32m  OK  [0m] Listening on UUID daemon activation socket.
[[0;32m  OK  [0m] Started Daily apt download activities.
[[0;32m  OK  [0m] Started Daily Cleanup of Temporary Directories.
[[0;32m  OK  [0m] Started Message of the Day.
[[0;32m  OK  [0m] Listening on D-Bus System Message Bus Socket.
         Starting LXD - unix socket.
[[0;32m  OK  [0m] Listening on ACPID Listen Socket.
[[0;32m  OK  [0m] Started Daily apt upgrade and clean activities.
[[0;32m  OK  [0m] Reached target Timers.
[[0;32m  OK  [0m] Reached target Network is Online.
         Starting iSCSI initiator daemon (iscsid)...
[[0;32m  OK  [0m] Listening on Socket activation for snappy daemon.
[[0;32m  OK  [0m] Listening on LXD - unix socket.
[[0;32m  OK  [0m] Reached target Sockets.
[[0;32m  OK  [0m] Reached target Basic System.
[[0;32m  OK  [0m] Started Regular background program processing daemon.
         Starting LXD - container startup/shutdown...
         Starting LSB: MD monitoring daemon...
         Starting System Logging Service...
[[0;32m  OK  [0m] Started D-Bus System Message Bus.
[[0;32m  OK  [0m] Started Deferred execution scheduler.
         Starting Login Service...
         Starting LSB: Record successful boot for GRUB...
         Starting OpenBSD Secure Shell server...
[[0;32m  OK  [0m] Started FUSE filesystem for LXC.
         Starting Snappy daemon...
[[0;32m  OK  [0m] Started ACPI event daemon.
         Starting Virtualbox guest utils...
         Starting /etc/rc.local Compatibility...
         Starting Accounts Service...
[[0;32m  OK  [0m] Started System Logging Service.
[[0;32m  OK  [0m] Started /etc/rc.local Compatibility.
[[0;32m  OK  [0m] Started Login Service.
[[0;32m  OK  [0m] Started iSCSI initiator daemon (iscsid).
         Starting Login to default iSCSI targets...
[[0;32m  OK  [0m] Started Unattended Upgrades Shutdown.
[[0;32m  OK  [0m] Started Login to default iSCSI targets.
[[0;32m  OK  [0m] Started LXD - container startup/shutdown.
[[0;32m  OK  [0m] Started LSB: MD monitoring daemon.
[[0;32m  OK  [0m] Started LSB: Record successful boot for GRUB.
[[0;32m  OK  [0m] Started OpenBSD Secure Shell server.
         Starting Authenticate and Authorize Users to Run Privileged Tasks...
[[0;32m  OK  [0m] Reached target Remote File Systems (Pre).
[[0;32m  OK  [0m] Reached target Remote File Systems.
         Starting Permit User Sessions...
         Starting LSB: automatic crash report generation...
         Starting LSB: Set the CPU Frequency Scaling governor to "ondemand"...
         Starting LSB: daemon to balance interrupts for SMP systems...
[[0;32m  OK  [0m] Started Permit User Sessions.
[[0;32m  OK  [0m] Started Authenticate and Authorize Users to Run Privileged Tasks.
[[0;32m  OK  [0m] Started Accounts Service.
         Starting Terminate Plymouth Boot Screen...
         Starting Hold until boot process finishes up...
[[0;32m  OK  [0m] Started Hold until boot process finishes up.
[[0;32m  OK  [0m] Started Terminate Plymouth Boot Screen.
[[0;32m  OK  [0m] Started Getty on tty1.
         Starting Set console scheme...
[[0;32m  OK  [0m] Started Serial Getty on ttyS0.
[[0;32m  OK  [0m] Reached target Login Prompts.
[[0;32m  OK  [0m] Started Virtualbox guest utils.
[[0;32m  OK  [0m] Started LSB: Set the CPU Frequency Scaling governor to "ondemand".
[[0;32m  OK  [0m] Started LSB: daemon to balance interrupts for SMP systems.
[[0;32m  OK  [0m] Started LSB: automatic crash report generation.
[[0;32m  OK  [0m] Started Set console scheme.
[[0;32m  OK  [0m] Created slice User Slice of vagrant.
         Starting User Manager for UID 1000...
[[0;32m  OK  [0m] Started Session 1 of user vagrant.
[[0;32m  OK  [0m] Started User Manager for UID 1000.
[[0;32m  OK  [0m] Started Snappy daemon.
         Starting Wait until snapd is fully seeded...
[[0;32m  OK  [0m] Started Wait until snapd is fully seeded.
         Starting Apply the settings specified in cloud-config...
[[0;32m  OK  [0m] Reached target Multi-User System.
[[0;32m  OK  [0m] Reached target Graphical Interface.
         Starting Update UTMP about System Runlevel Changes...
[[0;32m  OK  [0m] Started Update UTMP about System Runlevel Changes.
[   15.738516] cloud-init[1378]: Cloud-init v. 19.4-33-gbb4131a2-0ubuntu1~16.04.1 running 'modules:config' at Tue, 23 Jun 2020 14:50:21 +0000. Up 15.50 seconds.
[[0;32m  OK  [0m] Started Apply the settings specified in cloud-config.
         Starting Execute cloud user/final scripts...
[   16.923293] cloud-init[1441]: Cloud-init v. 19.4-33-gbb4131a2-0ubuntu1~16.04.1 running 'modules:final' at Tue, 23 Jun 2020 14:50:22 +0000. Up 16.63 seconds.
[   16.928283] cloud-init[1441]: Cloud-init v. 19.4-33-gbb4131a2-0ubuntu1~16.04.1 finished at Tue, 23 Jun 2020 14:50:22 +0000. Datasource DataSourceNoCloud [seed=/dev/sdb][dsmode=net].  Up 16.90 seconds
[[0;32m  OK  [0m] Started Execute cloud user/final scripts.
[[0;32m  OK  [0m] Reached target Cloud-init target.

Ubuntu 16.04.6 LTS ubuntu-xenial ttyS0

ubuntu-xenial login: 